// Jest Snapshot v1, https://goo.gl/fbAQLP

exports[`web3Quorum should match the web3Quorum Istanbul namespace snapshot 1`] = `
Object {
  "candidates": [Function],
  "discard": [Function],
  "getSignersFromBlock": [Function],
  "getSignersFromBlockByHash": [Function],
  "getSnapshot": [Function],
  "getSnapshotAtHash": [Function],
  "getValidators": [Function],
  "getValidatorsAtHash": [Function],
  "isValidator": [Function],
  "nodeAddress": [Function],
  "propose": [Function],
  "status": [Function],
}
`;

exports[`web3Quorum should match the web3Quorum Permission namespace snapshot 1`] = `
Object {
  "acctList": [Function],
  "addAccountToOrg": [Function],
  "addNewRole": [Function],
  "addNode": [Function],
  "addOrg": [Function],
  "addSubOrg": [Function],
  "approveAdminRole": [Function],
  "approveBlackListedAccountRecovery": [Function],
  "approveBlackListedNodeRecovery": [Function],
  "approveOrg": [Function],
  "approveOrgStatus": [Function],
  "assignAdminRole": [Function],
  "changeAccountRole": [Function],
  "connectionAllowed": [Function],
  "getOrgDetails": [Function],
  "nodeList": [Function],
  "orgList": [Function],
  "recoverBlackListedAccount": [Function],
  "recoverBlackListedNode": [Function],
  "removeRole": [Function],
  "roleList": [Function],
  "transactionAllowed": [Function],
  "updateAccountStatus": [Function],
  "updateNodeStatus": [Function],
  "updateOrgStatus": [Function],
}
`;

exports[`web3Quorum should match the web3Quorum eth namespace snapshot 1`] = `
Object {
  "fillTransaction": [Function],
  "getContractPrivacyMetadata": [Function],
  "getQuorumPayload": [Function],
  "sendTransactionAsync": [Function],
  "storageRoot": [Function],
}
`;

exports[`web3Quorum should match the web3Quorum eth.flexiblePrivacyGroup namespace snapshot 1`] = `
Object {
  "addTo": [Function],
  "create": [Function],
  "find": [Function],
  "getParticipants": [Function],
  "removeFrom": [Function],
  "setLockState": [Function],
}
`;

exports[`web3Quorum should match the web3Quorum priv namespace snapshot 1`] = `
Object {
  "call": [Function],
  "createPrivacyGroup": [Function],
  "debugGetStateRoot": [Function],
  "deletePrivacyGroup": [Function],
  "distributeRawTransaction": [Function],
  "findPrivacyGroup": [Function],
  "generateAndDistributeRawTransaction": [Function],
  "generateAndSendRawTransaction": [Function],
  "getCode": [Function],
  "getEeaTransactionCount": [Function],
  "getFilterChanges": [Function],
  "getFilterLogs": [Function],
  "getLogs": [Function],
  "getPrivacyPrecompileAddress": [Function],
  "getPrivateTransaction": [Function],
  "getTransactionCount": [Function],
  "getTransactionReceipt": [Function],
  "newFilter": [Function],
  "sendRawTransaction": [Function],
  "subscribe": [Function],
  "subscribeWithPooling": [Function],
  "subscriptionPollingInterval": 1000,
  "uninstallFilter": [Function],
  "unsubscribe": [Function],
  "waitForTransactionReceipt": [Function],
}
`;

exports[`web3Quorum should match the web3Quorum raft namespace snapshot 1`] = `
Object {
  "addLearner": [Function],
  "addPeer": [Function],
  "cluster": [Function],
  "leader": [Function],
  "promoteToPeer": [Function],
  "removePeer": [Function],
  "role": [Function],
}
`;

exports[`web3Quorum should match the web3Quorum utils namespace snapshot 1`] = `
Object {
  "BN": [Function],
  "_fireError": [Function],
  "_flattenTypes": [Function],
  "_jsonInterfaceMethodToString": [Function],
  "asciiToHex": [Function],
  "bytesToHex": [Function],
  "checkAddressChecksum": [Function],
  "compareBlockNumbers": [Function],
  "encodePacked": [Function],
  "fromAscii": [Function],
  "fromDecimal": [Function],
  "fromUtf8": [Function],
  "fromWei": [Function],
  "generatePrivacyGroup": [Function],
  "hexToAscii": [Function],
  "hexToBytes": [Function],
  "hexToNumber": [Function],
  "hexToNumberString": [Function],
  "hexToString": [Function],
  "hexToUtf8": [Function],
  "isAddress": [Function],
  "isBN": [Function],
  "isBigNumber": [Function],
  "isBloom": [Function],
  "isContractAddressInBloom": [Function],
  "isHex": [Function],
  "isHexStrict": [Function],
  "isInBloom": [Function],
  "isTopic": [Function],
  "isTopicInBloom": [Function],
  "isUserEthereumAddressInBloom": [Function],
  "keccak256": [Function],
  "leftPad": [Function],
  "numberToHex": [Function],
  "padLeft": [Function],
  "padRight": [Function],
  "randomHex": [Function],
  "rightPad": [Function],
  "setPrivate": [Function],
  "sha3": [Function],
  "sha3Raw": [Function],
  "soliditySha3": [Function],
  "soliditySha3Raw": [Function],
  "stringToHex": [Function],
  "stripHexPrefix": [Function],
  "toAscii": [Function],
  "toBN": [Function],
  "toChecksumAddress": [Function],
  "toDecimal": [Function],
  "toHex": [Function],
  "toNumber": [Function],
  "toTwosComplement": [Function],
  "toUtf8": [Function],
  "toWei": [Function],
  "unitMap": Object {
    "Gwei": "1000000000",
    "Kwei": "1000",
    "Mwei": "1000000",
    "babbage": "1000",
    "ether": "1000000000000000000",
    "femtoether": "1000",
    "finney": "1000000000000000",
    "gether": "1000000000000000000000000000",
    "grand": "1000000000000000000000",
    "gwei": "1000000000",
    "kether": "1000000000000000000000",
    "kwei": "1000",
    "lovelace": "1000000",
    "mether": "1000000000000000000000000",
    "micro": "1000000000000",
    "microether": "1000000000000",
    "milli": "1000000000000000",
    "milliether": "1000000000000000",
    "mwei": "1000000",
    "nano": "1000000000",
    "nanoether": "1000000000",
    "noether": "0",
    "picoether": "1000000",
    "shannon": "1000000000",
    "szabo": "1000000000000",
    "tether": "1000000000000000000000000000000",
    "wei": "1",
  },
  "utf8ToHex": [Function],
}
`;
